UPPAAL TRON 1.5 using UPPAAL 4.1.2 (rev. 4352), June 2009
Compiled with g++-4.3.3 -Wall -DNDEBUG -O2 -ffloat-store -march=pentiumpro -DTIGA_MERGE_STATES    -DBOOST_DISABLE_THREADS
Copyright (c) 1995 - 2009, Uppsala University and Aalborg University.
All rights reserved.
Options for UPPAAL TRON:
  Search order is breadth first
  Using no space optimisation
  State space representation uses minimal constraint systems
  Observation uncertainties: 0, 4000, 0, 4000 (microseconds).
  Scheduling latency: 0 microseconds
  Future precomputation: closure(300 mtu).
  Input delay extended by: 0
  OS scheduler: non-real-time.
WARNING: partitioning is inconsistent, use -i option to investigate.
  Emulation invariants: S, C0, C1, C2.
  Timeunit: 50000us
  Timeout: 1000000mtu
  Inputs:  request(requesting_c_id), done(granted_c_id)
  Outputs: grant(granted_c_id)
TEST in progress | 0%TEST in progress / 0%Short post-mortem analysis based on last good stateSet(3): 
1) 
( S._id9 C0.begin C1.begin C2.begin )
C0.delay>4, C1.delay>4, C2.delay>1, #t>4, C0.delay<=5, C0.delay-C1.delay<=0, C0.delay-C2.delay<3, C0.delay-#t<=0, C1.delay<=5, C1.delay-C0.delay<=0, C1.delay-C2.delay<3, C1.delay-#t<=0, C2.delay<3, C2.delay-C0.delay<-2, C2.delay-C1.delay<-2, C2.delay-#t<-2, #t<=5, #t-C0.delay<=0, #t-C1.delay<=0, #t-C2.delay<3 requesting_c_id=2 granted_c_id=-1 S.server.queue[0]=0 S.server.queue[1]=0 S.server.queue[2]=0 S.server.head=0 S.server.tail=-1 S.server.qsize=0 
2) 
( S.requested C0.begin C1.begin C2.begin )
C0.delay>4, C1.delay>4, C2.delay>1, #t>4, C0.delay<=5, C0.delay-C1.delay<=0, C0.delay-C2.delay<3, C0.delay-#t<=0, C1.delay<=5, C1.delay-C0.delay<=0, C1.delay-C2.delay<3, C1.delay-#t<=0, C2.delay<3, C2.delay-C0.delay<-2, C2.delay-C1.delay<-2, C2.delay-#t<-2, #t<=5, #t-C0.delay<=0, #t-C1.delay<=0, #t-C2.delay<3 requesting_c_id=-1 granted_c_id=-1 S.server.queue[0]=2 S.server.queue[1]=0 S.server.queue[2]=0 S.server.head=0 S.server.tail=0 S.server.qsize=1 
3) 
( S._id8 C0.begin C1.begin C2.begin )
C0.delay>4, C1.delay>4, C2.delay>1, #t>4, C0.delay<=5, C0.delay-C1.delay<=0, C0.delay-C2.delay<3, C0.delay-#t<=0, C1.delay<=5, C1.delay-C0.delay<=0, C1.delay-C2.delay<3, C1.delay-#t<=0, C2.delay<3, C2.delay-C0.delay<-2, C2.delay-C1.delay<-2, C2.delay-#t<-2, #t<=5, #t-C0.delay<=0, #t-C1.delay<=0, #t-C2.delay<3 requesting_c_id=-1 granted_c_id=2 S.server.queue[0]=2 S.server.queue[1]=0 S.server.queue[2]=0 S.server.head=0 S.server.tail=0 S.server.qsize=1 

  Options for input   : (empty)
  Options for output  : grant(granted_c_id=2)@(4;5]
  Options for internal: -@(4;5]
  Options for delay   : until 5]
  Last time-window    : (5;6)
  Max. system delay   : until 5]
Last time-window is beyond maximum allowed delay.

TEST FAILED: IUT failed to produce output in time.
CONN::readchannel: Connection reset by peer
